create or update - qiganda ba'zida joylar bo'sh o'rin bo'voti